{
	"type": "minecraft:crafting_shaped",
	"category": "equipment",
	"pattern": [
		"  #",
		"## ",
		"/# "
	],
	"key": {
		"#": "minecraft:gold_ingot",
		"/": "minecraft:stick"
	},
	"result": {
		"id": "minecraft:golden_sword",
		"components": {
			"minecraft:item_name": "Golden Greatsword",
			"minecraft:item_model": "bracken:average_weapons/golden/greatsword",
			"minecraft:lore": [
				{"translate":"","color":"white","italic":false},
				{"translate":"When in Main Hand:","color":"gray","italic":false},
				{"translate": "5 Attack Damage","color":"dark_green","italic":false},
				{"translate": "1.6 Attack Speed","color":"dark_green","italic":false},
				{"translate": "+1 Attack Range","color":"dark_green","italic":false}
			],
			"minecraft:attribute_modifiers":[{
					"type": "minecraft:attack_damage",
					"id": "bracken:golden_greatsword",
					"amount": 4,
					"operation": "add_value",
					"slot": "mainhand"
				},{
					"type": "minecraft:attack_speed",
					"id": "bracken:golden_greatsword",
					"amount": -2.4,
					"operation": "add_value",
					"slot": "mainhand"
				},{
					"type": "minecraft:entity_interaction_range",
					"id": "bracken:golden_greatsword",
					"amount": 1,
					"operation": "add_value",
					"slot": "mainhand"
				}],
				"minecraft:tooltip_display": {
        "hidden_components": [
          "minecraft:attribute_modifiers"
        ]
      }
		}
	}
}