{
	"type": "minecraft:crafting_shaped",
	"category": "equipment",
	"pattern": [
		"  #",
		" # ",
		"/  "
	],
	"key": {
		"#": "minecraft:gold_ingot",
		"/": "minecraft:stick"
	},
	"result": {
		"id": "minecraft:golden_sword",
		"components": {
			"minecraft:item_name": "Golden Katana",
			"minecraft:item_model": "bracken:average_weapons/golden/katana",
			"minecraft:blocks_attacks": {
  "block_delay_seconds": 0.25,
  "disable_cooldown_scale": 0.1,
  "item_damage": {
	"threshold": 0,
	"base": 4,
	"factor": 4
  },
  "block_sound": "minecraft:block.anvil.place",
  "disabled_sound": "minecraft:item.axe.scrape",
  "bypassed_by": "#bracken:bypasses_katana"
},
			"minecraft:lore": [
				{"translate":"","color":"white","italic":false},
				{"translate":"When in Main Hand:","color":"gray","italic":false},
				{"translate": "4 Attack Damage","color":"dark_green","italic":false},
				{"translate": "1.6 Attack Speed","color":"dark_green","italic":false},
				{"translate": "+2.5% Movement Speed","color":"dark_green","italic":false},
				{"translate": "Projectile Deflection","color": "aqua","italic": false}
			],
			"minecraft:attribute_modifiers":[{
					"type": "minecraft:attack_damage",
					"id": "bracken:golden_katana",
					"amount": 3,
					"operation": "add_value",
					"slot": "mainhand"
				},{
					"type": "minecraft:attack_speed",
					"id": "bracken:golden_katana",
					"amount": -2.4,
					"operation": "add_value",
					"slot": "mainhand"
				},{
					"type": "minecraft:movement_speed",
					"id": "bracken:golden_katana",
					"amount": 0.025,
					"operation": "add_value",
					"slot": "hand"
				}],
				"minecraft:tooltip_display": {
        "hidden_components": [
          "minecraft:attribute_modifiers"
        ]
      }
		}
	}
}