{
	"type": "minecraft:crafting_shaped",
	"category": "equipment",
	"pattern": [
		" # ",
		"## ",
		" / "
	],
	"key": {
		"#": "minecraft:gold_ingot",
		"/": "minecraft:stick"
	},
	"result": {
		"id": "minecraft:golden_sword",
		"components": {
			"minecraft:item_name": "Golden Rapier",
			"minecraft:item_model": "bracken:average_weapons/golden/rapier",
			"minecraft:blocks_attacks": {
  "block_delay_seconds": 0,
  "disable_cooldown_scale": 0.1,
  "item_damage": {
	"threshold": 0,
	"base": 3,
	"factor": 3
  },
  "block_sound": "minecraft:block.anvil.place",
  "disabled_sound": "minecraft:item.axe.scrape",
  "bypassed_by": "#bracken:bypasses_sword"
},
			"minecraft:lore": [
				{"translate":"","color":"white","italic":false},
				{"translate":"When in Main Hand:","color":"gray","italic":false},
				{"translate": "4 Attack Damage","color":"dark_green","italic":false},
				{"translate": "2 Attack Speed","color":"dark_green","italic":false}
			],
			"minecraft:attribute_modifiers":[{
					"type": "minecraft:attack_damage",
					"id": "bracken:golden_rapier",
					"amount": 3,
					"operation": "add_value",
					"slot": "mainhand"
				},{
					"type": "minecraft:attack_speed",
					"id": "bracken:golden_rapier",
					"amount": -2,
					"operation": "add_value",
					"slot": "mainhand"
				}],
				"minecraft:tooltip_display": {
        "hidden_components": [
          "minecraft:attribute_modifiers"
        ]
      }
		}
	}
}