{
	"pools": [{
		"rolls": 1,
		"entries": [{
			"type": "item",
			"name": "minecraft:golden_sword",
			"functions": [{
				"function": "minecraft:set_name",
				"target": "item_name",
				"name": "Golden Katana"
			},{
				"function": "minecraft:set_lore",
				"entity": "this",
				"lore": [{
					"translate": "",
					"color": "blue",
					"italic": false
				},{
					"translate": "When in Main Hand:",
					"color": "gray",
					"italic": false
				},{
					"translate": "4 Attack Damage",
					"color": "dark_green",
					"italic": false
				},{
					"translate": "1.6 Attack Speed",
					"color": "dark_green",
					"italic": false
				},{
					"translate": "+2.5% Movement Speed",
					"color": "dark_green",
					"italic": false
				},{
					"translate": "Projectile Deflection",
					"color": "aqua",
					"italic": false
				}],
				"mode": "insert"
			},{
				"function": "minecraft:set_components",
				"components": {
					"minecraft:item_model": "bracken:average_weapons/golden/katana",
					"minecraft:blocks_attacks": {
          "block_delay_seconds": 0.25,
          "disable_cooldown_scale": 0.1,
          "item_damage": {
            "threshold": 0,
            "base": 4,
            "factor": 4
          },
          "block_sound": "minecraft:block.anvil.place",
          "disabled_sound": "minecraft:item.axe.scrape",
          "bypassed_by": "#bracken:bypasses_katana"
        }
				}
			},{
				"function": "minecraft:set_attributes",
				"modifiers": [{
					"attribute": "minecraft:attack_speed",
					"id": "bracken:golden_katana",
					"amount": -2.4,
					"operation": "add_value",
					"slot": "mainhand"
				},{
					"attribute": "minecraft:movement_speed",
					"id": "bracken:golden_katana",
					"amount": 0.025,
					"operation": "add_value",
					"slot": "hand"
				},{
					"attribute": "minecraft:attack_damage",
					"id": "bracken:golden_katana",
					"amount": 3,
					"operation": "add_value",
					"slot": "mainhand"
				}]
			},{
				"function": "minecraft:toggle_tooltips",
				"toggles": {
					"attribute_modifiers": false
				}
			},{
				"function": "set_damage",
				"damage": {
					"min": 0.48,
					"max": 0.93
				}
			}]
		}]
	}]
}