{
	"pools": [{
		"rolls": 1,
		"entries": [{
			"type": "item",
			"name": "minecraft:golden_sword",
			"functions": [{
				"function": "minecraft:set_name",
				"target": "item_name",
				"name": "Golden Sabre"
			},{
				"function": "minecraft:set_lore",
				"entity": "this",
				"lore": [{
					"translate": "",
					"color": "blue",
					"italic": false
				},{
					"translate": "When in Main Hand:",
					"color": "gray",
					"italic": false
				},{
					"translate": "4 Attack Damage",
					"color": "dark_green",
					"italic": false
				},{
					"translate": "1.6 Attack Speed",
					"color": "dark_green",
					"italic": false
				},{
					"translate": "+2.5% Movement Speed",
					"color": "dark_green",
					"italic": false
				},
				{
					"translate": "Bonus Sweeping Attack",
					"color": "aqua",
					"italic": false
				}],
				"mode": "insert"
			},{
				"function": "minecraft:set_components",
				"components": {
					"minecraft:item_model": "bracken:average_weapons/golden/sabre"
				}
			},{
				"function": "minecraft:set_attributes",
				"modifiers": [{
					"attribute": "minecraft:movement_speed",
					"id": "bracken:golden_sabre",
					"amount": 0.025,
					"operation": "add_value",
					"slot": "hand"
				},{
					"attribute": "minecraft:attack_speed",
					"id": "bracken:golden_sabre",
					"amount": -2.4,
					"operation": "add_value",
					"slot": "mainhand"
				},{
					"attribute": "minecraft:attack_damage",
					"id": "bracken:golden_sabre",
					"amount": 3,
					"operation": "add_value",
					"slot": "mainhand"
				},
				{
					"attribute": "minecraft:sweeping_damage_ratio",
					"id": "bracken:golden_sabre",
					"amount": 2,
					"operation": "add_value",
					"slot": "mainhand"
				}]
			},{
				"function": "minecraft:toggle_tooltips",
				"toggles": {
					"attribute_modifiers": false
				}
			},{
				"function": "set_damage",
				"damage": {
					"min": 0.48,
					"max": 0.93
				}
			}]
		}]
	}]
}